// Jest Snapshot v1, https://goo.gl/fbAQLP

exports[`RouteTransition mounts 1`] = `"<div></div>"`;
